C51 COMPILER V9.01   LED_FUNCTIONS                                                         09/13/2018 14:52:29 PAGE 1   


C51 COMPILER V9.01, COMPILATION OF MODULE LED_FUNCTIONS
OBJECT MODULE PLACED IN led_functions.OBJ
COMPILER INVOKED BY: C:\Keil\C51\BIN\C51.EXE led_functions.c BROWSE DEBUG OBJECTEXTEND

line level    source

   1          #include <reg51.h>
   2          #define led P1
   3          #define sw P0
   4          #define readSW ~sw & 0x03
   5          sbit buzzer = P3^7;
   6          sbit resetled = P2^0;
   7          void delay(int);
   8          void ledmoveleft();
   9          void ledmoveright();
  10          void ledflash();
  11          void beep(int);
  12          void delay100us(int);
  13          void main(){
  14   1              led = 0x00;
  15   1              buzzer = 1;//disable buzzer and switch所以送高態訊號
  16   1              delay(200);
  17   1              led = 0xfe;
  18   1              while(1){
  19   2                      switch(readSW){
  20   3                              case 0:
  21   3                                      led = 0xff;
  22   3                                      break;
  23   3                              case 1:
  24   3                                      ledmoveleft();
  25   3                                      break;
  26   3                              case 2:
  27   3                                      ledmoveright();
  28   3                                      break;
  29   3                              case 3:
  30   3                                      ledmoveleft();beep(1);
  31   3                                      ledmoveright();beep(2);
  32   3                                      break;
  33   3                      }
  34   2              }
  35   1      }
  36          void ledmoveleft(){
  37   1              int i; led = 0xfe;
  38   1              for(i = 0;i<8;i++){
  39   2                      delay(100);
  40   2                      led = led<<1 | 1;
  41   2              }
  42   1      }
  43          void ledmoveright(){
  44   1              int i; led = 0x7f;
  45   1              for(i = 0;i<8;i++){
  46   2                      delay(100);
  47   2                      led = led>>1 | 0x80;
  48   2              }
  49   1      }
  50          void ledflash(){
  51   1              //led =~ led;   // =~ 為將變數取反相
  52   1              led = 0xff;
  53   1              delay(300);
  54   1              led = 0x00;
  55   1              delay(300);
C51 COMPILER V9.01   LED_FUNCTIONS                                                         09/13/2018 14:52:29 PAGE 2   

  56   1      }
  57          void beep(int beepcount){
  58   1              int i,j;
  59   1              for(i = 0;i < beepcount;i++){
  60   2                      for(j = 0;j<200;j++){
  61   3                              buzzer = 0;delay100us(1);
  62   3                              buzzer = 1;delay100us(1);
  63   3                      }
  64   2                      delay(100);
  65   2              }
  66   1      }
  67          void delay(int delayXms){
  68   1              int i,j;
  69   1              for(i = 0;i < delayXms;i++)
  70   1                      for(j=0;j<120;j++);
  71   1      }
  72          void delay100us(int delayXms){
  73   1              int i,j;
  74   1              for(i = 0;i < delayXms;i++)
  75   1                      for(j=0;j<12;j++);
  76   1      }


MODULE INFORMATION:   STATIC OVERLAYABLE
   CODE SIZE        =    329    ----
   CONSTANT SIZE    =   ----    ----
   XDATA SIZE       =   ----    ----
   PDATA SIZE       =   ----    ----
   DATA SIZE        =   ----      10
   IDATA SIZE       =   ----    ----
   BIT SIZE         =   ----    ----
END OF MODULE INFORMATION.


C51 COMPILATION COMPLETE.  0 WARNING(S),  0 ERROR(S)
