C51 COMPILER V9.01   CH3_7_4                                                               02/05/2012 14:16:55 PAGE 1   


C51 COMPILER V9.01, COMPILATION OF MODULE CH3_7_4
OBJECT MODULE PLACED IN Ch3-7-4.OBJ
COMPILER INVOKED BY: C:\Keil\C51\BIN\C51.EXE Ch3-7-4.C BROWSE DEBUG OBJECTEXTEND

line level    source

   1          #include        <reg51.h>                               // 包含reg51.h標頭檔  
   2          #define SEGP P0                                 // 定義顯示信號埠 
   3          #define KEYP P2                                 // 定義鍵盤埠 
   4          void    keyscan(void);                  // 宣告鍵盤掃瞄函數 
   5          void    DELAY500us(int);                // 宣告延時函數(1ms) 
   6          void    BEEP(char);                     // 宣告嗶聲函數 
   7          void    Dcount(void);                   // 宣告倒數函數 
   8          void    SCAN_SEG(void);                 // 宣告掃瞄函數 
   9          sbit    HP=P1^0;                                // 宣告高功率輸出埠位址
  10          sbit    MP=P1^1;                                // 宣告中功率輸出埠位址
  11          sbit    LP=P1^2;                                // 宣告低功率輸出埠位址
  12          sbit    Buzzer=P3^7;                    // 宣告蜂鳴器位址
  13          bit     BF=0;                                   // 宣告嗶聲旗標(預設不響)
  14          bit     HP_F=0;                                 // 宣告高功率旗標(預設不動作)
  15          bit     MP_F=0;                                 // 宣告中功率旗標(預設不動作)
  16          bit     LP_F=0;                                 // 宣告低功率旗標(預設不動作)
  17          // 七節顯示器編碼表
  18          char code TAB[11]={     0xc0,0xf9,0xa4,0xb0,0x99,
  19                                                  0x92,0x82,0xf8,0x80,0x98,  0xff};       
  20          // 低態驅動掃瞄碼
  21          char code SCAN_CODE[8]={        0x7f,0xbf,0xdf,0xef,
  22                                                                  0xf7,0xfb,0xfd,0xfe };  
  23          // 顯示資料
  24          char DISP[4]={0,10,10,10};// 初值為0 
  25          //==== 主程式 =========================================
  26          main()           
  27          {       HP=MP=LP=1;             // 關閉負載輸出
  28   1      while(1)
  29   1              {       keyscan();              // 呼叫鍵盤掃瞄函數 
  30   2                      if (HP_F)               // 高功率輸出
  31   2                      {       HP=0;           // 開啟高功率輸出
  32   3                              Dcount();       // 倒數 
  33   3                              HP_F=0;         // 取消HP_F旗標  
  34   3                              HP=1;           // 關閉高功率輸出       
  35   3                              BEEP(2);        // 嗶兩聲 
  36   3                      } 
  37   2                      if (MP_F)               // 中功率輸出
  38   2                      {       MP=0;           // 開啟中功率輸出
  39   3                              Dcount();       // 倒數 
  40   3                              MP_F=0;         // 取消MP_F旗標  
  41   3                              MP=1;           // 關閉中功率輸出       
  42   3                              BEEP(2);        // 嗶兩聲 
  43   3                      } 
  44   2                      if (LP_F)               // 低功率輸出
  45   2                      {       LP=0;           // 開啟低功率輸出
  46   3                              Dcount();       // 倒數 
  47   3                              LP_F=0;         // 取消LP_F旗標  
  48   3                              LP=1;           // 關閉低功率輸出       
  49   3                              BEEP(2);        // 嗶兩聲 
  50   3                      } 
  51   2              }
  52   1      }
  53          //=== 4 4鍵盤掃瞄函數 ===
  54          void keyscan(void)      // 掃瞄後將傳回按鍵值
  55          {       char X,Y, Ycode,Kcode,i;
C51 COMPILER V9.01   CH3_7_4                                                               02/05/2012 14:16:55 PAGE 2   

  56   1              for(X=0;X<4;X++)                        // 掃瞄4行
  57   1              {       SEGP=0xff;                              // 關閉顯示信號(防殘影)
  58   2                      KEYP=SCAN_CODE[X];      // 輸出掃瞄信號
  59   2                      SEGP=TAB[DISP[X]];      // 輸出顯示信號
  60   2                      Y=~KEYP & 0x0f;         // 讀取鍵盤
  61   2                      if      (Y!=0)                  // 若有按鍵被按下
  62   2                      {       if(Y==1) Ycode=0;               // 第0列有按鍵按下
  63   3                              else if (Y==2) Ycode=1; // 第1列有按鍵按下
  64   3                              else if (Y==4) Ycode=2; // 第2列有按鍵按下
  65   3                              else if (Y==8) Ycode=3; // 第3列有按鍵按下
  66   3                              Kcode=4*X + Ycode;              // 計算按鍵值
  67   3                              if (BF) BEEP(1);                        // 嗶一聲
  68   3                              // === 數字鍵 ===
  69   3                              if (Kcode<10 && Kcode>=0 )      // 若是數字鍵
  70   3                              {       for(i=0;i<3;i++)                        
  71   4                                              DISP[3-i]=DISP[2-i];// 顯示資料移位
  72   4                                      DISP[0]=Kcode;                  // 將鍵值存入個位數
  73   4                              }
  74   3                              while(Y!=0) Y=~KEYP & 0x0f;// 等待放開按鍵
  75   3                              // === 功能鍵 ===
  76   3                              // === F 鍵 ===
  77   3                              if (Kcode==0x0f ) BF=!BF;       // 切換嗶聲
  78   3                              // === e 鍵 ===
  79   3                              if (Kcode==0x0e )                       // 清除
  80   3                              {       for(i=0;i<3;i++)                        
  81   4                                              DISP[i]=10;                     // 千位~十位數填入空白
  82   4                                      DISP[0]=0;                                      // 個位數填入0
  83   4                              }
  84   3                              // === d 鍵 ===
  85   3                              if (Kcode==0x0d )                       // 刪字
  86   3                              {       for(i=0;i<3;i++)                        
  87   4                                              DISP[i]=DISP[i+1];      // 顯示資料右移
  88   4                                      DISP[3]=10;                             // 千位數填入空白
  89   4                              }
  90   3                              // === c 鍵 ===
  91   3                              if (Kcode==0x0c ) HP_F=1;       // 高功率
  92   3                              // === b 鍵 ===
  93   3                              if (Kcode==0x0b ) MP_F=1;       // 中功率
  94   3                              // === a 鍵 ===
  95   3                              if (Kcode==0x0a ) LP_F=1;       // 低功率
  96   3                      }
  97   2                      DELAY500us(4);                                  // 延遲2ms
  98   2              }
  99   1      }
 100          //==== 延時函數(0.5ms) ==============================
 101          void DELAY500us(int x) 
 102          {       int     i,j;
 103   1              for(i=0;i<x;i++)                                // 外迴圈(0.5ms*x)
 104   1                      for(j=0;j<60;j++);              // 內迴圈(0.5ms)
 105   1      }
 106          //==== 嗶聲函數 ==============================
 107          void BEEP(char x) 
 108          {       int     i,j;
 109   1              for(i=0;i<x;i++)                                // 嗶x聲
 110   1              {       for(j=0;j<100;j++)              // 重複吸放100次
 111   2                      {       Buzzer=0;DELAY500us(1);// 蜂鳴器吸
 112   3                              Buzzer=1;DELAY500us(1);// 蜂鳴器放
 113   3                      } 
 114   2                      DELAY500us(200);                        // 靜音0.1秒
 115   2              } 
 116   1      }
 117          //==== 倒數函數 ==============================
C51 COMPILER V9.01   CH3_7_4                                                               02/05/2012 14:16:55 PAGE 3   

 118          void    Dcount(void)                    
 119          {       char i;                                         // 宣告變數     
 120   1              for(i=0;i<4;i++)                        // 非0~9轉變為0 
 121   1                      if(DISP[i]>9 || DISP[i]<0) DISP[i]=0;
 122   1              while(1)
 123   1              {       if(DISP[3]==0 && DISP[2]==0 && DISP[1]==0 && DISP[0]==0)
 124   2                      {       DISP[3]=DISP[2]=DISP[1]=10;        // 千位數~十位數填入空白
 125   3                              break;                          // 結束倒數
 126   3                      }       
 127   2                      // === 延遲1s ===
 128   2                      for(i=0;i<50;i++)               // 延遲掃瞄50次(約1s)
 129   2                              SCAN_SEG();                     // 每次掃瞄約20ms
 130   2                      // === 倒數 ===
 131   2                      if (DISP[0]!=0) DISP[0]--;      // 個位數減1
 132   2                      else    
 133   2                      {       DISP[0]=9;                      // 個位數改為9(借位)
 134   3                              if (DISP[1]!=0)         DISP[1]--;      // 十位數減1
 135   3                              else    
 136   3                              {       DISP[1]=9;              // 十位數改為9(借位)
 137   4                                      if (DISP[2]!=0)         DISP[2]--;// 百位數減1
 138   4                                      else
 139   4                                      {       DISP[2]=9;      // 百位數改為9(借位)
 140   5                                              DISP[3]--;      // 千位數減1
 141   5                                      }
 142   4                              }
 143   3                      }                                               // 結束倒數
 144   2              }
 145   1      }
 146          //==== 掃瞄函數 ==============================
 147          void    SCAN_SEG(void)                  // 20ms 
 148          {       char X;                                         // 宣告變數     
 149   1              for(X=0;X<4;X++)                        // 掃瞄4行 
 150   1              {       SEGP=0xff;                              // 關閉顯示信號(防殘影)
 151   2                      KEYP=SCAN_CODE[X];      // 輸出掃瞄信號 
 152   2                      SEGP=TAB[DISP[X]];      // 輸出顯示信號 
 153   2                      DELAY500us(8);          // 延遲4ms
 154   2              }
 155   1              DELAY500us(8);          // 延遲4ms
 156   1      }


MODULE INFORMATION:   STATIC OVERLAYABLE
   CODE SIZE        =    647    ----
   CONSTANT SIZE    =     19    ----
   XDATA SIZE       =   ----    ----
   PDATA SIZE       =   ----    ----
   DATA SIZE        =      4       8
   IDATA SIZE       =   ----    ----
   BIT SIZE         =      4    ----
END OF MODULE INFORMATION.


C51 COMPILATION COMPLETE.  0 WARNING(S),  0 ERROR(S)
