C51 COMPILER V9.01   BUTTON_CONTROL_LED                                                    09/13/2018 14:28:39 PAGE 1   


C51 COMPILER V9.01, COMPILATION OF MODULE BUTTON_CONTROL_LED
OBJECT MODULE PLACED IN button_control_led.OBJ
COMPILER INVOKED BY: C:\Keil\C51\BIN\C51.EXE button_control_led.c BROWSE DEBUG OBJECTEXTEND

line level    source

   1          #include <reg51.h>
   2          #define led P1
   3          #define sw P0
   4          sbit button = P2^0;
   5          void delay(int);
   6          void flash();
   7          void main(){
   8   1              int enableLED = 0;
   9   1              led = 0xff;
  10   1              button = 1;//初始化按鈕狀態
  11   1              while(1){
  12   2                      if(!button){
  13   3                              delay(10);// 等待雜訊過去
  14   3                              if(!button){//確定按鈕訊號非雜訊
  15   4                                      if(enableLED == 1)enableLED = 0;
  16   4                                      else enableLED = 1;
  17   4                                      while(!button);//當按鈕一直被按下就卡在這
  18   4                              }
  19   3                              //按鈕被放開就跳出
  20   3                      }
  21   2                      if(enableLED == 1)led = 0x00;
  22   2                      else led = 0xff;
  23   2              }
  24   1      }
  25          void flash(){
  26   1              led = 0xff;
  27   1              delay(100);
  28   1              led = 0x00;
  29   1              delay(100);
  30   1      }
  31          void delay(int delayXms){
  32   1              int i,j;
  33   1              for(i = 0;i < delayXms;i++)
  34   1                      for(j=0;j<120;j++);
  35   1      }


MODULE INFORMATION:   STATIC OVERLAYABLE
   CODE SIZE        =    120    ----
   CONSTANT SIZE    =   ----    ----
   XDATA SIZE       =   ----    ----
   PDATA SIZE       =   ----    ----
   DATA SIZE        =   ----       2
   IDATA SIZE       =   ----    ----
   BIT SIZE         =   ----    ----
END OF MODULE INFORMATION.


C51 COMPILATION COMPLETE.  0 WARNING(S),  0 ERROR(S)
