C51 COMPILER V9.01   PIANO_KEYX8                                                           03/07/2019 10:20:05 PAGE 1   


C51 COMPILER V9.01, COMPILATION OF MODULE PIANO_KEYX8
OBJECT MODULE PLACED IN piano_keyX8.OBJ
COMPILER INVOKED BY: C:\Keil\C51\BIN\C51.EXE piano_keyX8.c BROWSE DEBUG OBJECTEXTEND

line level    source

   1          #include <reg51.h>
   2          #define KEYP P2                                 // 定義鍵盤埠 
   3          sbit Buzzer=P3^7;               // 宣告蜂鳴器位址 
   4          unsigned int code BaseTone[8]={ // 宣告基本音階陣列
   5          //  0    1       2       3       4       5       6       7
   6                  956,852,759,716,638,568,506,478};
   7          // 低態驅動掃瞄碼
   8          char code SCAN_CODE[8]={        0x7f,0xbf,0xdf,0xef,
   9                                                                          0xf7,0xfb,0xfd,0xfe };  
  10          int t0H,t0L;                    // 宣告變數
  11          void DELAY1ms(int);     // 宣告延時函數
  12          void Sound(char);       // 宣告發音函數
  13          int     keyscan();                      // 宣告鍵盤掃瞄函數 
  14          void    DELAY500us(int);                // 宣告延時函數 
  15          
  16          void main()
  17          {       Buzzer=1;                       // 初始化
  18   1              IE=0x82;                        // 啟用Timer 0中斷
  19   1              TMOD=TMOD|1;            // 設定Timer 0 Mode 1
  20   1              while(1)                        // 無窮盡迴圈
  21   1              {
  22   2                      keyscan();
  23   2              }
  24   1      }
  25          // ==================================================
  26          void Sound(char x)
  27          {       TH0=t0H=(65536-BaseTone[x])/256;
  28   1              // 載入所要播音階之高8位元
  29   1              TL0=t0L=(65536-BaseTone[x])%256;
  30   1              // 載入所要播音階之低8位元
  31   1              TR0=1;DELAY1ms(200);    // 發音
  32   1              TR0=0;                                  // 停止發音
  33   1      }
  34          // ==================================================
  35          void DELAY1ms(int x)
  36          {       int i,j;
  37   1              for(i=0;i<x;i++)
  38   1                      for(j=0;j<120;j++);
  39   1      }
  40          // ==================================================
  41          void TONE_int(void) interrupt 1
  42          {       TH0=t0H; TL0=t0L;// 重新填入計時量
  43   1              Buzzer=!Buzzer;         // 切換蜂鳴器
  44   1      }
  45          //=== 4 4鍵盤掃瞄函數 ===
  46          int keyscan() 
  47          {       char X,Y,Ycode,Kcode,i;
  48   1              for(X=0;X<4;X++)                        // 掃瞄4行
  49   1              {       
  50   2                      KEYP=SCAN_CODE[X];              // 輸出掃瞄信號
  51   2                      Y=~KEYP & 0x0f;                 // 讀取鍵盤  
  52   2                      if      (Y!=0)                  // 若有按鍵被按下 
  53   2                      {       if(Y==1) Ycode=0;               // 第0列有按鍵按下 
  54   3                              else if (Y==2) Ycode=1; // 第1列有按鍵按下 
  55   3                              else if (Y==4) Ycode=2; // 第2列有按鍵按下 
C51 COMPILER V9.01   PIANO_KEYX8                                                           03/07/2019 10:20:05 PAGE 2   

  56   3                              else if (Y==8) Ycode=3; // 第3列有按鍵按下 
  57   3                              Kcode=4*X + Ycode;              // 計算按鍵值
  58   3                              switch (Kcode)          // 讀取按鍵
  59   3                              {       case 0:Sound(0);break;                  // Do
  60   4                                      case 1:Sound(1);break;                  // Re
  61   4                                      case 2:Sound(2);break;                  // Mi
  62   4                                      case 3:Sound(3);break;                  // Fa
  63   4                                      case 4:Sound(4);break;                  // So
  64   4                                      case 5:Sound(5);break;                  // La
  65   4                                      case 6:Sound(6);break;                  // Si
  66   4                                      case 7:Sound(7);break;                  // Do#
  67   4                              }
  68   3                              //while(Y!=0) Y=~KEYP & 0x0f;// 等待放開按鍵
  69   3                      }
  70   2                      //DELAY500us(4);                                        // 延遲2ms
  71   2              }
  72   1              return Kcode;
  73   1      }
*** WARNING C280 IN LINE 47 OF PIANO_KEYX8.C: 'i': unreferenced local variable
  74          //==== 延時函數(0.5ms) ==============================
  75          void DELAY500us(int x) 
  76          {       int     i,j;
  77   1              for(i=0;i<x;i++)                                // 外迴圈(0.5ms*x)
  78   1                      for(j=0;j<60;j++);              // 內迴圈(0.5ms)
  79   1      }


MODULE INFORMATION:   STATIC OVERLAYABLE
   CODE SIZE        =    401    ----
   CONSTANT SIZE    =     24    ----
   XDATA SIZE       =   ----    ----
   PDATA SIZE       =   ----    ----
   DATA SIZE        =      4       5
   IDATA SIZE       =   ----    ----
   BIT SIZE         =   ----    ----
END OF MODULE INFORMATION.


C51 COMPILATION COMPLETE.  1 WARNING(S),  0 ERROR(S)
