C51 COMPILER V9.01   7SEG_FLASH                                                            11/08/2018 10:39:54 PAGE 1   


C51 COMPILER V9.01, COMPILATION OF MODULE 7SEG_FLASH
OBJECT MODULE PLACED IN 7seg_flash.OBJ
COMPILER INVOKED BY: C:\Keil\C51\BIN\C51.EXE 7seg_flash.c BROWSE DEBUG OBJECTEXTEND

line level    source

   1          /*
   2          programmer      :LuckyPig
   3          fuctions        :8位元的七節顯示器顯示八位數資料
   4          version         :20181108A
   5          */
   6          /*
   7          接線說明:
   8          a -> P0.0 (P0^0) a為LSB(最低位元)
   9          b -> P0.1
  10          依序a,b,c,d,e,f,g......
  11          最後為dp -> P0.7 dp為MSB(最高位元)
  12          D0 -> P1^0為LSB
  13          依序接線
  14          D3 -> P1^3為MSB
  15          */
  16          #include<reg51.h>
  17          #define seg7 P0
  18          #define scan7seg P1
  19          sbit seg7dp = P0^7;
  20          char seg7hexCode[20] = {0xc0,0xf9,0xa4,0xb0,0x99,0x92,0x82,0xf8,0x80,0x98};
  21          // 7-seg對應顯示輸出0~9
  22          char scan7segCode[8] = {0x7f,0xbf,0xdf,0xef,0xf7,0xfb,0xfd,0xfe};//使用char比int節省空間
  23          //7-seg的掃描碼
  24          char homeNumber[8] = {2,7,0,9,1,6,3,0};
  25          char phoneNumber[8] = {1,2,3,4,5,6,7,8};
  26          char dataPointer = 0;
  27          void display8digitsData(char dataIn[]);
  28          void delay(int ms);
  29          int displayTime = 0;
  30          void main(){
  31   1              //int i;
  32   1              seg7hexCode[19] = 0xff;//清除顯示器
  33   1              while(1){
  34   2                      if(displayTime <= 2000){
  35   3                              display8digitsData(homeNumber);
  36   3                      }
  37   2                      else if(displayTime <= 4000){
  38   3                              display8digitsData(phoneNumber);
  39   3                      }
  40   2                      else displayTime = 0;
  41   2              }
  42   1      }
  43          
  44          void delay(int ms){
  45   1              int i,j;
  46   1              for(i = 0;i < ms;i++)
  47   1                      for(j=0;j<120;j++);//do null
  48   1      }
  49          
  50          void display8digitsData(char dataIn[]){
  51   1              int i = 0;
  52   1              for(i = 0;i<8;i++){
  53   2                      seg7 = seg7hexCode[dataIn[i]];
  54   2                      scan7seg = scan7segCode[i];
  55   2                      delay(1);
C51 COMPILER V9.01   7SEG_FLASH                                                            11/08/2018 10:39:54 PAGE 2   

  56   2                      displayTime +=1;
  57   2              }
  58   1      }


MODULE INFORMATION:   STATIC OVERLAYABLE
   CODE SIZE        =    172    ----
   CONSTANT SIZE    =   ----    ----
   XDATA SIZE       =   ----    ----
   PDATA SIZE       =   ----    ----
   DATA SIZE        =     47       5
   IDATA SIZE       =   ----    ----
   BIT SIZE         =   ----    ----
END OF MODULE INFORMATION.


C51 COMPILATION COMPLETE.  0 WARNING(S),  0 ERROR(S)
