C51 COMPILER V9.01   INTERRUPTER_BUTTON_CONTROL_7SEG                                       11/15/2018 15:57:24 PAGE 1   


C51 COMPILER V9.01, COMPILATION OF MODULE INTERRUPTER_BUTTON_CONTROL_7SEG
OBJECT MODULE PLACED IN interrupter_button_control_7seg.OBJ
COMPILER INVOKED BY: C:\Keil\C51\BIN\C51.EXE interrupter_button_control_7seg.c BROWSE DEBUG OBJECTEXTEND

line level    source

   1          /*
   2          programmer      :LuckyPig
   3          fuctions        :按住INT0從0數到999，按住再放開INT1則歸零
   4          version         :20181115A
   5          */
   6          /*
   7          接線說明:
   8          a -> P0.0 (P0^0) a為LSB(最低位元)
   9          b -> P0.1
  10          依序a,b,c,d,e,f,g......
  11          最後為dp -> P0.7 dp為MSB(最高位元)
  12          D0 -> P2^0為LSB
  13          依序接線
  14          D3 -> P2^3為MSB
  15          */
  16          #include<reg51.h>
  17          #define seg7 P0
  18          #define scan7seg P2
  19          #define led P1
  20          sbit seg7dp = P0^7;
  21          sbit buzzer = P3^7;
  22          char seg7hexCode[20] = {0xc0,0xf9,0xa4,0xb0,0x99,0x92,0x82,0xf8,0x80,0x98};
  23          // 7-seg對應顯示輸出0~9
  24          char scan7segCode[8] = {0x7f,0xbf,0xdf,0xef,0xf7,0xfb,0xfd,0xfe};//使用char比int節省空間
  25          //7-seg的掃描碼
  26          char segDisplayNumber[8] = {19,19,19,19,19,0,0,0};
  27          char dataPointer = 0;
  28          void display8digitsData(char dataIn[]);
  29          void delay(int ms);
  30          int timeCount = 0;
  31          char countDown = 0;
  32          void main(){
  33   1              IE=0x85;                //      啟用INT 0,INT 1中斷(0x85=10000101)
  34   1              IP=0x01;                //      設定高優先等級
  35   1              //int i;
  36   1              seg7hexCode[19] = 0xff;//清除顯示器
  37   1              while(1){
  38   2                      display8digitsData(segDisplayNumber);
  39   2                      if(countDown == 0){
  40   3                              if(timeCount >= 10){//about 100 ms
  41   4                                      if(segDisplayNumber[7] != 9)segDisplayNumber[7] += 1;
  42   4                                      else{
  43   5                                              segDisplayNumber[7] = 0;
  44   5                                              if(segDisplayNumber[6] != 9)segDisplayNumber[6] += 1;
  45   5                                              else{
  46   6                                                      segDisplayNumber[6] = 0;
  47   6                                                      if(segDisplayNumber[5] != 9)segDisplayNumber[5] += 1;
  48   6                                                      else{
  49   7                                                              segDisplayNumber[5] = 0;
  50   7                                                      }
  51   6                                              }
  52   5                                      }
  53   4                                      timeCount = 0;
  54   4                              }
  55   3                      }
C51 COMPILER V9.01   INTERRUPTER_BUTTON_CONTROL_7SEG                                       11/15/2018 15:57:24 PAGE 2   

  56   2              }
  57   1      }
  58          
  59          void delay(int ms){
  60   1              int i,j;
  61   1              for(i = 0;i < ms;i++)
  62   1                      for(j=0;j<120;j++);//do null
  63   1      }
  64          
  65          void display8digitsData(char dataIn[]){
  66   1              int i = 0;
  67   1              for(i = 0;i<8;i++){
  68   2                      seg7 = seg7hexCode[dataIn[i]];
  69   2                      scan7seg = scan7segCode[i];
  70   2                      delay(1);
  71   2                      if(timeCount <= 9999)timeCount +=1;
  72   2                      else timeCount = 0;
  73   2              }                                                                
  74   1      }
  75          // === INT 0的中斷副程式 ===
  76          void int0_count(void) interrupt 0 using 1       {
  77   1              display8digitsData(segDisplayNumber);
  78   1              if(countDown == 1)countDown = 0;
  79   1              else countDown = 1;
  80   1              delay(1000);
  81   1      }
  82          // === INT 1中斷副程式 ===
  83          void int1_right(void) interrupt 2 using 2 {
  84   1              display8digitsData(segDisplayNumber);   
  85   1              segDisplayNumber[5] = 0;
  86   1              segDisplayNumber[6] = 0;
  87   1              segDisplayNumber[7] = 0;
  88   1      }


MODULE INFORMATION:   STATIC OVERLAYABLE
   CODE SIZE        =    293    ----
   CONSTANT SIZE    =   ----    ----
   XDATA SIZE       =   ----    ----
   PDATA SIZE       =   ----    ----
   DATA SIZE        =     40       5
   IDATA SIZE       =   ----    ----
   BIT SIZE         =   ----    ----
END OF MODULE INFORMATION.


C51 COMPILATION COMPLETE.  0 WARNING(S),  0 ERROR(S)
