BL51 BANKED LINKER/LOCATER V6.22                                                        12/27/2018  11:16:14  PAGE 1


BL51 BANKED LINKER/LOCATER V6.22, INVOKED BY:
C:\KEIL\C51\BIN\BL51.EXE STARTUP.obj, 181227_test1.obj TO 181227_test1


MEMORY MODEL: SMALL


INPUT MODULES INCLUDED:
  STARTUP.obj (?C_STARTUP)
  181227_test1.obj (181227_TEST1)
  C:\KEIL\C51\LIB\C51S.LIB (?C_INIT)


LINK MAP OF MODULE:  181227_test1 (?C_STARTUP)


            TYPE    BASE      LENGTH    RELOCATION   SEGMENT NAME
            -----------------------------------------------------

            * * * * * * *   D A T A   M E M O R Y   * * * * * * *
            REG     0000H     0008H     ABSOLUTE     "REG BANK 0"
            DATA    0008H     0018H     UNIT         ?DT?181227_TEST1
            DATA    0020H     0006H     UNIT         _DATA_GROUP_
            IDATA   0026H     0001H     UNIT         ?STACK

            * * * * * * *   C O D E   M E M O R Y   * * * * * * *
            CODE    0000H     0003H     ABSOLUTE     
                    0003H     07FDH                  *** GAP ***
            CODE    0800H     00BBH     UNIT         ?PR?MAIN?181227_TEST1
            CODE    08BBH     008CH     UNIT         ?C_C51STARTUP
            CODE    0947H     0052H     UNIT         ?PR?_BEEP?181227_TEST1
            CODE    0999H     002AH     UNIT         ?PR?_DELAY?181227_TEST1
            CODE    09C3H     0026H     UNIT         ?PR?_DELAY100US?181227_TEST1
            CODE    09E9H     0020H     UNIT         ?PR?_LED_AND_SEG7_FLASH?181227_TEST1
            CODE    0A09H     001FH     UNIT         ?C_INITSEG
            CODE    0A28H     001BH     UNIT         ?PR?LEDMOVELEFT?181227_TEST1
            CODE    0A43H     001BH     UNIT         ?PR?LEDMOVERIGHT?181227_TEST1



OVERLAY MAP OF MODULE:   181227_test1 (?C_STARTUP)


SEGMENT                                        DATA_GROUP 
  +--> CALLED SEGMENT                        START    LENGTH
------------------------------------------------------------
?C_C51STARTUP                                -----    -----
  +--> ?PR?MAIN?181227_TEST1
  +--> ?C_INITSEG

?PR?MAIN?181227_TEST1                        -----    -----
  +--> ?PR?_DELAY?181227_TEST1
  +--> ?PR?LEDMOVELEFT?181227_TEST1
  +--> ?PR?LEDMOVERIGHT?181227_TEST1
  +--> ?PR?_BEEP?181227_TEST1
  +--> ?PR?_LED_AND_SEG7_FLASH?181227_TEST1

?PR?LEDMOVELEFT?181227_TEST1                 -----    -----
BL51 BANKED LINKER/LOCATER V6.22                                                      12/27/2018  11:16:14  PAGE 2


  +--> ?PR?_DELAY?181227_TEST1

?PR?LEDMOVERIGHT?181227_TEST1                -----    -----
  +--> ?PR?_DELAY?181227_TEST1

?PR?_BEEP?181227_TEST1                       0020H    0006H
  +--> ?PR?_DELAY100US?181227_TEST1
  +--> ?PR?_DELAY?181227_TEST1

?PR?_LED_AND_SEG7_FLASH?181227_TEST1         -----    -----
  +--> ?PR?_DELAY?181227_TEST1



SYMBOL TABLE OF MODULE:  181227_test1 (?C_STARTUP)

  VALUE           TYPE          NAME
  ----------------------------------

  -------         MODULE        ?C_STARTUP
  C:08BBH         SEGMENT       ?C_C51STARTUP
  I:0026H         SEGMENT       ?STACK
  C:0000H         PUBLIC        ?C_STARTUP
  D:00E0H         SYMBOL        ACC
  D:00F0H         SYMBOL        B
  D:0083H         SYMBOL        DPH
  D:0082H         SYMBOL        DPL
  N:0000H         SYMBOL        IBPSTACK
  N:0100H         SYMBOL        IBPSTACKTOP
  N:0080H         SYMBOL        IDATALEN
  C:08BEH         SYMBOL        IDATALOOP
  N:0000H         SYMBOL        PBPSTACK
  N:0100H         SYMBOL        PBPSTACKTOP
  N:0000H         SYMBOL        PDATALEN
  N:0000H         SYMBOL        PDATASTART
  N:0000H         SYMBOL        PPAGE
  N:0000H         SYMBOL        PPAGEENABLE
  D:00A0H         SYMBOL        PPAGE_SFR
  D:0081H         SYMBOL        SP
  C:08BBH         SYMBOL        STARTUP1
  N:0000H         SYMBOL        XBPSTACK
  N:0000H         SYMBOL        XBPSTACKTOP
  N:0000H         SYMBOL        XDATALEN
  N:0000H         SYMBOL        XDATASTART
  C:0000H         LINE#         126
  C:08BBH         LINE#         133
  C:08BDH         LINE#         134
  C:08BEH         LINE#         135
  C:08BFH         LINE#         136
  C:08C1H         LINE#         185
  C:08C4H         LINE#         196
  -------         ENDMOD        ?C_STARTUP

  -------         MODULE        181227_TEST1
  C:0000H         SYMBOL        _ICE_DUMMY_
  D:0080H         PUBLIC        P0
  D:0090H         PUBLIC        P1
BL51 BANKED LINKER/LOCATER V6.22                                                      12/27/2018  11:16:14  PAGE 3


  B:00B0H.0       PUBLIC        pb0
  D:00B0H         PUBLIC        P3
  B:00B0H.1       PUBLIC        pb1
  B:00B0H.2       PUBLIC        pb2
  B:00B0H.3       PUBLIC        pb3
  C:09C3H         PUBLIC        _delay100us
  C:099DH         PUBLIC        _delay
  C:0A43H         PUBLIC        ledmoveright
  C:09E9H         PUBLIC        _led_and_seg7_flash
  D:0008H         PUBLIC        startup
  C:0947H         PUBLIC        _beep
  C:0A28H         PUBLIC        ledmoveleft
  B:00B0H.7       PUBLIC        buzzer
  C:0800H         PUBLIC        main
  D:000AH         PUBLIC        seg7hexCode
  D:001EH         PUBLIC        seg7Number
  -------         PROC          MAIN
  C:0800H         LINE#         34
  C:0800H         LINE#         35
  C:0803H         LINE#         36
  C:0806H         LINE#         37
  C:080AH         LINE#         38
  C:080AH         LINE#         39
  C:080DH         LINE#         40
  C:0814H         LINE#         41
  C:0817H         LINE#         42
  C:081CH         LINE#         43
  C:081FH         LINE#         44
  C:0831H         LINE#         45
  C:0836H         LINE#         46
  C:0836H         LINE#         47
  C:0836H         LINE#         48
  C:0838H         LINE#         49
  C:083BH         LINE#         50
  C:0842H         LINE#         51
  C:0845H         LINE#         52
  C:084AH         LINE#         53
  C:084DH         LINE#         54
  C:085DH         LINE#         55
  C:0863H         LINE#         56
  C:086BH         LINE#         57
  C:086BH         LINE#         58
  C:086DH         LINE#         59
  C:0876H         LINE#         60
  C:087CH         LINE#         61
  C:087FH         LINE#         62
  C:0884H         LINE#         63
  C:088CH         LINE#         64
  C:0893H         LINE#         65
  C:0893H         LINE#         66
  C:0896H         LINE#         67
  C:08A5H         LINE#         68
  C:08ABH         LINE#         69
  C:08B1H         LINE#         70
  C:08B8H         LINE#         71
  C:08B8H         LINE#         72
  C:08B8H         LINE#         73
BL51 BANKED LINKER/LOCATER V6.22                                                      12/27/2018  11:16:14  PAGE 4


  -------         ENDPROC       MAIN
  C:0999H         SYMBOL        L?0059
  -------         PROC          L?0058
  -------         ENDPROC       L?0058
  C:0999H         SYMBOL        L?0059
  -------         PROC          _DELAY
  D:0006H         SYMBOL        ms
  -------         DO            
  D:0004H         SYMBOL        i
  D:0002H         SYMBOL        j
  -------         ENDDO         
  C:099DH         LINE#         76
  C:099DH         LINE#         78
  C:09ADH         LINE#         79
  C:09BBH         LINE#         80
  C:09C2H         LINE#         81
  -------         ENDPROC       _DELAY
  -------         PROC          LEDMOVELEFT
  -------         DO            
  D:0082H         SYMBOL        i
  -------         ENDDO         
  C:0A28H         LINE#         83
  C:0A28H         LINE#         84
  C:0A2BH         LINE#         85
  C:0A2EH         LINE#         86
  C:0A31H         LINE#         87
  C:0A39H         LINE#         88
  C:0A42H         LINE#         89
  -------         ENDPROC       LEDMOVELEFT
  -------         PROC          LEDMOVERIGHT
  -------         DO            
  D:0082H         SYMBOL        i
  -------         ENDDO         
  C:0A43H         LINE#         90
  C:0A43H         LINE#         91
  C:0A46H         LINE#         92
  C:0A49H         LINE#         93
  C:0A4CH         LINE#         94
  C:0A54H         LINE#         95
  C:0A5DH         LINE#         96
  -------         ENDPROC       LEDMOVERIGHT
  -------         PROC          _LED_AND_SEG7_FLASH
  D:0082H         SYMBOL        seg7State
  C:09E9H         LINE#         97
  C:09EBH         LINE#         99
  C:09EEH         LINE#         100
  C:09F1H         LINE#         101
  C:09F8H         LINE#         102
  C:09FBH         LINE#         103
  C:0A04H         LINE#         104
  -------         ENDPROC       _LED_AND_SEG7_FLASH
  -------         PROC          _BEEP
  D:0020H         SYMBOL        beepcount
  -------         DO            
  D:0022H         SYMBOL        i
  D:0024H         SYMBOL        j
  -------         ENDDO         
BL51 BANKED LINKER/LOCATER V6.22                                                      12/27/2018  11:16:14  PAGE 5


  C:0947H         LINE#         106
  C:094BH         LINE#         108
  C:0961H         LINE#         109
  C:0966H         LINE#         110
  C:096FH         LINE#         111
  C:0978H         LINE#         112
  C:098BH         LINE#         113
  C:098EH         LINE#         114
  C:0998H         LINE#         115
  -------         ENDPROC       _BEEP
  -------         PROC          _DELAY100US
  D:0006H         SYMBOL        delayXms
  -------         DO            
  D:0004H         SYMBOL        i
  D:0002H         SYMBOL        j
  -------         ENDDO         
  C:09C3H         LINE#         116
  C:09C3H         LINE#         118
  C:09D3H         LINE#         119
  C:09E8H         LINE#         120
  -------         ENDPROC       _DELAY100US
  -------         ENDMOD        181227_TEST1

******************************************************************************
* RESTRICTED VERSION WITH 0800H BYTE CODE SIZE LIMIT; USED: 01E0H BYTE (23%) *
******************************************************************************

Program Size: data=39.0 xdata=0 code=609
LINK/LOCATE RUN COMPLETE.  0 WARNING(S),  0 ERROR(S)
