C51 COMPILER V9.01   181227_TEST1                                                          12/27/2018 11:04:38 PAGE 1   


C51 COMPILER V9.01, COMPILATION OF MODULE 181227_TEST1
OBJECT MODULE PLACED IN 181227_test1.OBJ
COMPILER INVOKED BY: C:\Keil\C51\BIN\C51.EXE 181227_test1.c BROWSE DEBUG OBJECTEXTEND

line level    source

   1          #include<reg51.h>
   2          #define led P1
   3          #define seg7 P0
   4          sbit pb0 = P3^0;
   5          sbit pb1 = P3^1;
   6          sbit pb2 = P3^2;
   7          sbit pb3 = P3^3;
   8          sbit buzzer = P3^7;
   9          /*
  10          接線說明:
  11          共用掃描訊號D0接至GND
  12          a -> P0.0 (P0^0) a為LSB(最低位元)
  13          b -> P0.1
  14          依序a,b,c,d,e,f,g......
  15          最後為dp -> P0.7 dp為MSB(最高位元)
  16          
  17          右側按鈕 (PB0) R0 -> P3.0
  18                           (PB1) R1 -> P3.1
  19                           (PB2) R2 -> P3.2
  20                           (PB3) R3 -> P3.3
  21                           ***重要c0-c3接到GND***
  22          */
  23          char seg7hexCode[20] = {0xc0,0xf9,0xa4,0xb0,0x99,0x92,0x82,0xf8,0x80,0x98};
  24          // 7-seg對應顯示輸出0~9
  25          int seg7Number = 0;
  26          void delay(int);
  27          void ledmoveleft();
  28          void ledmoveright();
  29          void led_and_seg7_flash(int);
  30          void beep(int);
  31          void delay100us(int);
  32          
  33          void main(){
  34   1              led = 0x00;
  35   1              seg7 = seg7hexCode[0];
  36   1              seg7Number = 0;
  37   1              while(1){
  38   2                      if(pb0 == 0){
  39   3                              delay(5);
  40   3                              if(pb0 == 0){
  41   4                                      ledmoveleft();
  42   4                                      if(seg7Number != 9)seg7Number += 1;
  43   4                                      else seg7Number = 0;
  44   4                                      seg7 = seg7hexCode[seg7Number];
  45   4                              }
  46   3                      }
  47   2                      else if(pb1 == 0){
  48   3                              delay(5);
  49   3                              if(pb1 == 0){
  50   4                                      ledmoveright();
  51   4                                      if(seg7Number != 0)seg7Number -= 1;
  52   4                                      else seg7Number = 9;
  53   4                                      seg7 = seg7hexCode[seg7Number];
  54   4                              }
  55   3                      }
C51 COMPILER V9.01   181227_TEST1                                                          12/27/2018 11:04:38 PAGE 2   

  56   2                      else if(pb2 == 0){
  57   3                              delay(5);
  58   3                              if(pb2 == 0){
  59   4                                      seg7Number = 0;
  60   4                                      seg7 = seg7hexCode[seg7Number];
  61   4                                      beep(2);
  62   4                              }
  63   3                      }
  64   2                      else if(pb3 == 0){
  65   3                              delay(5);
  66   3                              if(pb3 == 0){
  67   4                                      led_and_seg7_flash(seg7Number);
  68   4                              }
  69   3                      }
  70   2              }
  71   1      }
  72          
  73          void delay(int ms){
  74   1              int i,j;
  75   1              for(i=0;i<ms;i++){
  76   2                      for(j=0;j<120;j++);//do nothing 120 times
  77   2              }
  78   1      }
  79          
  80          void ledmoveleft(){
  81   1              int i; led = 0xfe;
  82   1              for(i = 0;i<8;i++){
  83   2                      delay(100);
  84   2                      led = led<<1 | 1;
  85   2              }
  86   1      }
  87          void ledmoveright(){
  88   1              int i; led = 0x7f;
  89   1              for(i = 0;i<8;i++){
  90   2                      delay(100);
  91   2                      led = led>>1 | 0x80;
  92   2              }
  93   1      }
  94          void led_and_seg7_flash(int seg7State){
  95   1              //led =~ led;   // =~ 為將變數取反相
  96   1              led = 0xff;
  97   1              seg7 = 0xff;
  98   1              delay(200);
  99   1              led = 0x00;
 100   1              seg7 = seg7hexCode[seg7State];
 101   1              delay(200);
 102   1      }
 103          void beep(int beepcount){
 104   1              int i,j;
 105   1              for(i = 0;i < beepcount;i++){
 106   2                      for(j = 0;j<200;j++){
 107   3                              buzzer = 0;delay100us(1);
 108   3                              buzzer = 1;delay100us(1);
 109   3                      }
 110   2                      delay(100);
 111   2              }
 112   1      }
 113          void delay100us(int delayXms){
 114   1              int i,j;
 115   1              for(i = 0;i < delayXms;i++)
 116   1                      for(j=0;j<12;j++);
 117   1      }
C51 COMPILER V9.01   181227_TEST1                                                          12/27/2018 11:04:38 PAGE 3   



MODULE INFORMATION:   STATIC OVERLAYABLE
   CODE SIZE        =    401    ----
   CONSTANT SIZE    =   ----    ----
   XDATA SIZE       =   ----    ----
   PDATA SIZE       =   ----    ----
   DATA SIZE        =     22       6
   IDATA SIZE       =   ----    ----
   BIT SIZE         =   ----    ----
END OF MODULE INFORMATION.


C51 COMPILATION COMPLETE.  0 WARNING(S),  0 ERROR(S)
