C51 COMPILER V9.01   A1                                                                    02/02/2012 20:08:16 PAGE 1   


C51 COMPILER V9.01, COMPILATION OF MODULE A1
OBJECT MODULE PLACED IN A1.OBJ
COMPILER INVOKED BY: C:\Keil\C51\BIN\C51.EXE A1.C BROWSE DEBUG OBJECTEXTEND

line level    source

   1          #include        <reg51.h>                       // 包含reg51.h標頭檔  
   2          #define T1  10                                  // 定義第一段延遲時間(10s) 
   3          #define T2  3600                                // 定義第二段延遲時間(1H=60*60s) 
   4          #define LED  P1                                 // 定義LED連接到Port 1 
   5          sbit    PB=P2^0;                                // 宣告按鈕開關位址 
   6          void    DELAY1s(int);                   // 宣告延時函數 
   7          //==== 主程式 =========================================
   8          main()           
   9          {       PB=1;                                                   // 初始化 
  10   1              LED=0xff;                                               // 初始化 
  11   1              while(1)                                                // 無窮盡迴圈 
  12   1              {       if (!PB)                                        // 偵測PB按鈕開關 
  13   2                      {       DELAY1s(T1);                    // 延遲T1s
  14   3                              LED=0;                                  // LED全亮 
  15   3                              DELAY1s(T2);                    // 延遲T2s
  16   3                              LED=0xff;                               // LED全滅 
  17   3                      }
  18   2              }
  19   1      }
  20          //==== 延時函數(1s) ==============================
  21          void    DELAY1s(int x) 
  22          {       int     i,j,k;
  23   1              for(i=0;i<x;i++)                        // 外迴圈(1s*x)
  24   1                      for(j=0;j<1000;j++)             // 中迴圈(1s)
  25   1                              for(k=0;k<130;k++);     // 內迴圈(1ms)
  26   1      }


MODULE INFORMATION:   STATIC OVERLAYABLE
   CODE SIZE        =     80    ----
   CONSTANT SIZE    =   ----    ----
   XDATA SIZE       =   ----    ----
   PDATA SIZE       =   ----    ----
   DATA SIZE        =   ----    ----
   IDATA SIZE       =   ----    ----
   BIT SIZE         =   ----    ----
END OF MODULE INFORMATION.


C51 COMPILATION COMPLETE.  0 WARNING(S),  0 ERROR(S)
