C51 COMPILER V9.01   CH3_7_1                                                               02/04/2012 21:23:09 PAGE 1   


C51 COMPILER V9.01, COMPILATION OF MODULE CH3_7_1
OBJECT MODULE PLACED IN Ch3-7-1.OBJ
COMPILER INVOKED BY: C:\Keil\C51\BIN\C51.EXE Ch3-7-1.C BROWSE DEBUG OBJECTEXTEND

line level    source

   1          #include        <reg51.h>                       // 包含reg51.h標頭檔  
   2          #define SEGP  P0                                // 定義顯示信號埠 
   3          #define SCANP P2                                // 定義掃瞄信號埠 
   4          void    display(void);                  // 宣告掃瞄函數 
   5          void    DELAY1ms(int);                  // 宣告延時函數 
   6          // 七節顯示器編碼表
   7          char code TAB[10]={     0xc0,0xf9,0xa4,0xb0,0x99,
   8                                                  0x92,0x83,0xf8,0x80,0x98};      
   9          // 低態驅動掃瞄碼
  10          char code SCAN_CODE[8]={0x7f,0xbf,0xdf,0xef,
  11                                                          0xf7,0xfb,0xfd,0xfe };  
  12          // 顯示資料
  13          char code DISP[8]={2,0,1,2,0,1,2,3};
  14          //==== 主程式 =========================================
  15          main()           
  16          {       char i;                                                 // 宣告變數 
  17   1              while(1)                                                // 無窮盡迴圈 
  18   1              {       for(i=0;i<64;i++)                       // 呼叫掃瞄函數64次 
  19   2                              display();                              // 約16ms*64=0.5s
  20   2                      for(i=0;i<3;i++)
  21   2                      {       SEGP=0xff;                                      // 關閉顯示信號
  22   3                              DELAY1ms(480);                          // 延遲0.48s(滅)
  23   3                              display();                                      // 呼叫掃瞄函數(顯示0.48秒)
  24   3                      }
  25   2              }
  26   1      }
  27          //=== 八位掃瞄函數 ===
  28          void    display(void)   
  29          {       char i,j;
  30   1              for(i=0;i<30;i++)                       // 重複掃瞄30次
  31   1              {       for(j=0;j<8;j++)                // 每次掃瞄4個字
  32   2                      {       SCANP=0xff;                     // 關閉掃瞄線(防殘影)
  33   3                              SEGP=TAB[DISP[j]];      //輸出顯示信號
  34   3                              SCANP=SCAN_CODE[j];     // 輸出掃瞄信號
  35   3                              DELAY1ms(2);            // 延遲2ms(顯示)
  36   3                      }
  37   2              }
  38   1      }
  39          //==== 延時函數(1ms) ==============================
  40          void DELAY1ms(int x) 
  41          {       int     i,j;
  42   1              for(i=0;i<x;i++)                        // 外迴圈(1ms*x)
  43   1                      for(j=0;j<120;j++);             // 內迴圈(1ms)
  44   1      }


MODULE INFORMATION:   STATIC OVERLAYABLE
   CODE SIZE        =    182    ----
   CONSTANT SIZE    =     26    ----
   XDATA SIZE       =   ----    ----
   PDATA SIZE       =   ----    ----
   DATA SIZE        =   ----       3
   IDATA SIZE       =   ----    ----
   BIT SIZE         =   ----    ----
END OF MODULE INFORMATION.

C51 COMPILER V9.01   CH3_7_1                                                               02/04/2012 21:23:09 PAGE 2   


C51 COMPILATION COMPLETE.  0 WARNING(S),  0 ERROR(S)
