BL51 BANKED LINKER/LOCATER V6.22                                                        12/27/2018  13:33:25  PAGE 1


BL51 BANKED LINKER/LOCATER V6.22, INVOKED BY:
C:\KEIL\C51\BIN\BL51.EXE STARTUP.obj, 181227_test2.obj TO 181227_test2


MEMORY MODEL: SMALL


INPUT MODULES INCLUDED:
  STARTUP.obj (?C_STARTUP)
  181227_test2.obj (181227_TEST2)
  C:\KEIL\C51\LIB\C51S.LIB (?C_INIT)
  C:\KEIL\C51\LIB\C51S.LIB (?C?SIDIV)
  C:\KEIL\C51\LIB\C51S.LIB (?C?ILDOPTR)
  C:\KEIL\C51\LIB\C51S.LIB (?C?UIDIV)


LINK MAP OF MODULE:  181227_test2 (?C_STARTUP)


            TYPE    BASE      LENGTH    RELOCATION   SEGMENT NAME
            -----------------------------------------------------

            * * * * * * *   D A T A   M E M O R Y   * * * * * * *
            REG     0000H     0008H     ABSOLUTE     "REG BANK 0"
            DATA    0008H     002AH     UNIT         ?DT?181227_TEST2
            DATA    0032H     0005H     UNIT         _DATA_GROUP_
            IDATA   0037H     0001H     UNIT         ?STACK

            * * * * * * *   C O D E   M E M O R Y   * * * * * * *
            CODE    0000H     0003H     ABSOLUTE     
                    0003H     07FDH                  *** GAP ***
            CODE    0800H     00F5H     UNIT         ?PR?MAIN?181227_TEST2
            CODE    08F5H     00C3H     UNIT         ?C?LIB_CODE
            CODE    09B8H     008CH     UNIT         ?C_C51STARTUP
            CODE    0A44H     0058H     UNIT         ?PR?_DISPLAY4DIGITSDATA?181227_TEST2
            CODE    0A9CH     0037H     UNIT         ?C_INITSEG
            CODE    0AD3H     0026H     UNIT         ?PR?_DELAY500US?181227_TEST2
            CODE    0AF9H     0023H     UNIT         ?PR?CHECKRESET7SEG?181227_TEST2



OVERLAY MAP OF MODULE:   181227_test2 (?C_STARTUP)


SEGMENT                                        DATA_GROUP 
  +--> CALLED SEGMENT                        START    LENGTH
------------------------------------------------------------
?C_C51STARTUP                                -----    -----
  +--> ?PR?MAIN?181227_TEST2
  +--> ?C_INITSEG

?PR?MAIN?181227_TEST2                        -----    -----
  +--> ?PR?CHECKRESET7SEG?181227_TEST2
  +--> ?PR?_DELAY500US?181227_TEST2
  +--> ?PR?_DISPLAY4DIGITSDATA?181227_TEST2

?PR?CHECKRESET7SEG?181227_TEST2              -----    -----
  +--> ?PR?_DELAY500US?181227_TEST2
BL51 BANKED LINKER/LOCATER V6.22                                                      12/27/2018  13:33:25  PAGE 2



?PR?_DISPLAY4DIGITSDATA?181227_TEST2         0032H    0005H
  +--> ?PR?_DELAY500US?181227_TEST2



SYMBOL TABLE OF MODULE:  181227_test2 (?C_STARTUP)

  VALUE           TYPE          NAME
  ----------------------------------

  -------         MODULE        ?C_STARTUP
  C:09B8H         SEGMENT       ?C_C51STARTUP
  I:0037H         SEGMENT       ?STACK
  C:0000H         PUBLIC        ?C_STARTUP
  D:00E0H         SYMBOL        ACC
  D:00F0H         SYMBOL        B
  D:0083H         SYMBOL        DPH
  D:0082H         SYMBOL        DPL
  N:0000H         SYMBOL        IBPSTACK
  N:0100H         SYMBOL        IBPSTACKTOP
  N:0080H         SYMBOL        IDATALEN
  C:09BBH         SYMBOL        IDATALOOP
  N:0000H         SYMBOL        PBPSTACK
  N:0100H         SYMBOL        PBPSTACKTOP
  N:0000H         SYMBOL        PDATALEN
  N:0000H         SYMBOL        PDATASTART
  N:0000H         SYMBOL        PPAGE
  N:0000H         SYMBOL        PPAGEENABLE
  D:00A0H         SYMBOL        PPAGE_SFR
  D:0081H         SYMBOL        SP
  C:09B8H         SYMBOL        STARTUP1
  N:0000H         SYMBOL        XBPSTACK
  N:0000H         SYMBOL        XBPSTACKTOP
  N:0000H         SYMBOL        XDATALEN
  N:0000H         SYMBOL        XDATASTART
  C:0000H         LINE#         126
  C:09B8H         LINE#         133
  C:09BAH         LINE#         134
  C:09BBH         LINE#         135
  C:09BCH         LINE#         136
  C:09BEH         LINE#         185
  C:09C1H         LINE#         196
  -------         ENDMOD        ?C_STARTUP

  -------         MODULE        181227_TEST2
  C:0000H         SYMBOL        _ICE_DUMMY_
  D:0080H         PUBLIC        P0
  D:0090H         PUBLIC        P1
  D:00A0H         PUBLIC        P2
  B:00A0H.0       PUBLIC        pb0
  B:00A0H.1       PUBLIC        pb1
  C:0AD3H         PUBLIC        _delay500us
  D:0008H         PUBLIC        scan7segCode
  D:0010H         PUBLIC        delayTime
  C:0800H         PUBLIC        main
  D:0012H         PUBLIC        countState
BL51 BANKED LINKER/LOCATER V6.22                                                      12/27/2018  13:33:25  PAGE 3


  C:0A44H         PUBLIC        _display4digitsData
  D:0014H         PUBLIC        seg7hexCode
  D:0028H         PUBLIC        btnLock
  C:0AF9H         PUBLIC        CheckReset7seg
  D:002AH         PUBLIC        displayData
  -------         PROC          MAIN
  C:0800H         LINE#         30
  C:0800H         LINE#         31
  C:0803H         LINE#         32
  C:0806H         LINE#         34
  C:0806H         LINE#         35
  C:0809H         LINE#         36
  C:0812H         LINE#         37
  C:0818H         LINE#         38
  C:081BH         LINE#         39
  C:0821H         LINE#         40
  C:082EH         LINE#         41
  C:0833H         LINE#         42
  C:0833H         LINE#         43
  C:0833H         LINE#         44
  C:0836H         LINE#         45
  C:083BH         LINE#         46
  C:083BH         LINE#         48
  C:0844H         LINE#         50
  C:0844H         LINE#         51
  C:084FH         LINE#         52
  C:0852H         LINE#         53
  C:086BH         LINE#         54
  C:087DH         LINE#         55
  C:0885H         LINE#         56
  C:088AH         LINE#         57
  C:0892H         LINE#         58
  C:0894H         LINE#         59
  C:089CH         LINE#         60
  C:08A1H         LINE#         61
  C:08A5H         LINE#         62
  C:08ADH         LINE#         63
  C:08AFH         LINE#         64
  C:08B7H         LINE#         65
  C:08BCH         LINE#         66
  C:08C0H         LINE#         67
  C:08C4H         LINE#         68
  C:08CCH         LINE#         69
  C:08CCH         LINE#         70
  C:08D4H         LINE#         71
  C:08D8H         LINE#         72
  C:08DCH         LINE#         73
  C:08E0H         LINE#         74
  C:08E4H         LINE#         75
  C:08E4H         LINE#         76
  C:08E9H         LINE#         77
  C:08E9H         LINE#         78
  C:08E9H         LINE#         79
  C:08F2H         LINE#         80
  -------         ENDPROC       MAIN
  -------         PROC          _DELAY500US
  D:0006H         SYMBOL        owo
BL51 BANKED LINKER/LOCATER V6.22                                                      12/27/2018  13:33:25  PAGE 4


  -------         DO            
  D:0004H         SYMBOL        i
  D:0002H         SYMBOL        j
  -------         ENDDO         
  C:0AD3H         LINE#         84
  C:0AD3H         LINE#         86
  C:0AE3H         LINE#         87
  C:0AF1H         LINE#         88
  C:0AF8H         LINE#         89
  -------         ENDPROC       _DELAY500US
  -------         PROC          CHECKRESET7SEG
  C:0AF9H         LINE#         91
  C:0AF9H         LINE#         92
  C:0AFCH         LINE#         93
  C:0B03H         LINE#         94
  C:0B06H         LINE#         95
  C:0B0BH         LINE#         96
  C:0B0FH         LINE#         97
  C:0B13H         LINE#         98
  C:0B17H         LINE#         99
  C:0B1BH         LINE#         100
  C:0B1BH         LINE#         101
  C:0B1BH         LINE#         102
  -------         ENDPROC       CHECKRESET7SEG
  -------         PROC          _DISPLAY4DIGITSDATA
  D:0032H         SYMBOL        dataIn
  -------         DO            
  D:0035H         SYMBOL        i
  -------         ENDDO         
  C:0A44H         LINE#         104
  C:0A4AH         LINE#         105
  C:0A4FH         LINE#         106
  C:0A53H         LINE#         107
  C:0A56H         LINE#         108
  C:0A71H         LINE#         109
  C:0A79H         LINE#         110
  C:0A80H         LINE#         111
  C:0A88H         LINE#         112
  C:0A9BH         LINE#         113
  -------         ENDPROC       _DISPLAY4DIGITSDATA
  -------         ENDMOD        181227_TEST2

  -------         MODULE        ?C?SIDIV
  C:08F5H         PUBLIC        ?C?SIDIV
  -------         ENDMOD        ?C?SIDIV

  -------         MODULE        ?C?ILDOPTR
  C:092BH         PUBLIC        ?C?ILDOPTR
  -------         ENDMOD        ?C?ILDOPTR

  -------         MODULE        ?C?UIDIV
  C:0963H         PUBLIC        ?C?UIDIV
  -------         ENDMOD        ?C?UIDIV

******************************************************************************
* RESTRICTED VERSION WITH 0800H BYTE CODE SIZE LIMIT; USED: 01DBH BYTE (23%) *
******************************************************************************
BL51 BANKED LINKER/LOCATER V6.22                                                      12/27/2018  13:33:25  PAGE 5



Program Size: data=56.0 xdata=0 code=799
LINK/LOCATE RUN COMPLETE.  0 WARNING(S),  0 ERROR(S)
