C51 COMPILER V9.01   A3                                                                    02/05/2012 10:25:11 PAGE 1   


C51 COMPILER V9.01, COMPILATION OF MODULE A3
OBJECT MODULE PLACED IN A3.OBJ
COMPILER INVOKED BY: C:\Keil\C51\BIN\C51.EXE A3.C BROWSE DEBUG OBJECTEXTEND

line level    source

   1          #include        <reg51.h>                       // 包含reg51.h標頭檔  
   2          #define SEGP  P0                                // 定義顯示信號埠 
   3          #define KEYP P2                                 // 定義鍵盤埠 
   4          void    keyscan(void);                  // 宣告鍵盤掃瞄函數 
   5          void    DELAY500us(int);                // 宣告延時函數 
   6          void    BEEP(char);                             // 宣告嗶聲函數 
   7          sbit    Buzzer=P3^7;                    // 宣告蜂鳴器位址 
   8          // 七節顯示器編碼表
   9          char code TAB[17]={     0xc0,0xf9,0xa4,0xb0,0x99,
  10                                                  0x92,0x82,0xf8,0x80,0x98,
  11                                                  0xa0,0x83,0xa7,0xa1,0x84,0x8e,0xff};    
  12          // 低態驅動掃瞄碼
  13          char code SCAN_CODE[8]={        0x7f,0xbf,0xdf,0xef,
  14                                                                  0xf7,0xfb,0xfd,0xfe };  
  15          // 顯示資料
  16          char DISP[4]={16,16,16,16};     // 初值為空白 
  17          //==== 主程式 =========================================
  18          main()           
  19          {       while(1) keyscan();                     // 呼叫鍵盤掃瞄函數 
  20   1      }
  21          //=== 4 4鍵盤掃瞄函數 ===
  22          void keyscan(void)      // 掃瞄後將傳回按鍵值
  23          {       char X,Y,Ycode,Kcode,i;
  24   1              for(X=0;X<4;X++)                        // 掃瞄4行
  25   1              {       SEGP=0xff;                              // 關閉顯示信號(防殘影)
  26   2                      KEYP=SCAN_CODE[X];              // 輸出掃瞄信號
  27   2                      SEGP=TAB[DISP[X]];              // 輸出顯示信號
  28   2                      Y=~KEYP & 0x0f;                 // 讀取鍵盤      
  29   2                      if      (Y!=0)                  // 若有按鍵被按下 
  30   2                      {       if(Y==1) Ycode=3;               // 第0列有按鍵按下 
  31   3                              else if (Y==2) Ycode=2; // 第1列有按鍵按下 
  32   3                              else if (Y==4) Ycode=1; // 第2列有按鍵按下 
  33   3                              else if (Y==8) Ycode=0; // 第3列有按鍵按下 
  34   3                              Kcode=4*X + Ycode;              // 計算按鍵值
  35   3                              for(i=0;i<3;i++)
  36   3                                      DISP[3-i]=DISP[2-i];// 顯示資料移位
  37   3                              DISP[0]=Kcode;                  // 將鍵值存入個位數
  38   3                              BEEP(1);                                        // 嗶一聲 
  39   3                              while(Y!=0) Y=~KEYP & 0x0f;// 等待放開按鍵
  40   3                      }
  41   2                      DELAY500us(4);                                  // 延遲2ms
  42   2              }
  43   1      }
  44          //==== 延時函數(0.5ms) ==============================
  45          void DELAY500us(int x) 
  46          {       int     i,j;
  47   1              for(i=0;i<x;i++)                                // 外迴圈(0.5ms*x)
  48   1                      for(j=0;j<60;j++);              // 內迴圈(0.5ms)
  49   1      }
  50          //==== 嗶聲函數 ==============================
  51          void BEEP(char x) 
  52          {       int     i,j;
  53   1              for(i=0;i<x;i++)                                // 嗶x聲
  54   1              {       for(j=0;j<100;j++)              // 重複吸放100次
  55   2                      {       Buzzer=0;DELAY500us(1);// 蜂鳴器吸
C51 COMPILER V9.01   A3                                                                    02/05/2012 10:25:11 PAGE 2   

  56   3                              Buzzer=1;DELAY500us(1);// 蜂鳴器放
  57   3                      } 
  58   2                      DELAY500us(200);                        // 靜音0.1秒
  59   2              } 
  60   1      }


MODULE INFORMATION:   STATIC OVERLAYABLE
   CODE SIZE        =    287    ----
   CONSTANT SIZE    =     25    ----
   XDATA SIZE       =   ----    ----
   PDATA SIZE       =   ----    ----
   DATA SIZE        =      4       5
   IDATA SIZE       =   ----    ----
   BIT SIZE         =   ----    ----
END OF MODULE INFORMATION.


C51 COMPILATION COMPLETE.  0 WARNING(S),  0 ERROR(S)
