C51 COMPILER V9.59.0.0   CH2_1                                                             09/06/2018 14:13:57 PAGE 1   


C51 COMPILER V9.59.0.0, COMPILATION OF MODULE CH2_1
OBJECT MODULE PLACED IN .\Objects\ch2-1.obj
COMPILER INVOKED BY: C:\Program Files (x86)\keil_c\C51\BIN\C51.EXE ch2-1.c OPTIMIZE(8,SPEED) BROWSE DEBUG OBJECTEXTEND P
                    -RINT(.\Listings\ch2-1.lst) TABS(2) OBJECT(.\Objects\ch2-1.obj)

line level    source

   1          #include <reg51.h>
   2          sbit buzzer=P3^7;
   3          sbit buzzer_sw=P0^0;
   4          void beep(int);
   5          void delay500us(int);
   6          
   7          void main(){
   8   1        buzzer = 1;buzzer_sw=1;
   9   1        //set buzzer and switch to OFF at startup
  10   1        while(1){
  11   2          if(!buzzer_sw) beep(1);
  12   2        }
  13   1      }
  14          void beep(int beepcount){//one beep last for 0.2s
  15   1        int i,j;
  16   1        for(i=0;i<beepcount;i++){
  17   2          for(j=0;j<100;j++){
  18   3            buzzer = 0;delay500us(1);
  19   3            buzzer = 1;delay500us(1);
  20   3          }
  21   2          delay500us(200); //100ms
  22   2        }
  23   1      }
  24          void delay500us(int time){
  25   1        int i,j;
  26   1        for(i=0;i<time;i++){
  27   2          for(j=0;j<60;j++);
  28   2        }
  29   1      }


MODULE INFORMATION:   STATIC OVERLAYABLE
   CODE SIZE        =    140    ----
   CONSTANT SIZE    =   ----    ----
   XDATA SIZE       =   ----    ----
   PDATA SIZE       =   ----    ----
   DATA SIZE        =   ----       6
   IDATA SIZE       =   ----    ----
   BIT SIZE         =   ----    ----
END OF MODULE INFORMATION.


C51 COMPILATION COMPLETE.  0 WARNING(S),  0 ERROR(S)
