C51 COMPILER V9.01   A2                                                                    02/08/2012 15:29:28 PAGE 1   


C51 COMPILER V9.01, COMPILATION OF MODULE A2
OBJECT MODULE PLACED IN A2.OBJ
COMPILER INVOKED BY: C:\Keil\C51\BIN\C51.EXE A2.C BROWSE DEBUG OBJECTEXTEND

line level    source

   1          #include        <reg51.h>               // 包含reg51.h標頭檔 
   2          #define SW       P0                     // 定義SW接至Port 0
   3          #define LED      P1                     // 定義LED接至Port 1
   4          //==主程式======================================
   5          main()                          
   6          {       SW=0xff;                                // 設定SW輸入埠
   7   1              TMOD |= 0x20;                   // 設定Timer 1採Mode 2
   8   1              PCON &= 0x7f;                   // 設定SMOD=0
   9   1              TH1=TL1=0xfd;                   // 填入計時量 
  10   1              TR1=1;                                  // 啟動Timer 1
  11   1              SCON=0xd0;                              // 設定串列埠採Mode 3
  12   1              while(1)
  13   1              {       SBUF=SW;                        // 將SW的值透過串列埠輸出
  14   2                      while(!RI);                     // 等待接收完成
  15   2                      LED=SBUF;                       // 將接收到的資料，反映到LED
  16   2                      TI=RI=0;                        // 清除RI,TI旗標(重傳)
  17   2              } 
  18   1      } 


MODULE INFORMATION:   STATIC OVERLAYABLE
   CODE SIZE        =     35    ----
   CONSTANT SIZE    =   ----    ----
   XDATA SIZE       =   ----    ----
   PDATA SIZE       =   ----    ----
   DATA SIZE        =   ----    ----
   IDATA SIZE       =   ----    ----
   BIT SIZE         =   ----    ----
END OF MODULE INFORMATION.


C51 COMPILATION COMPLETE.  0 WARNING(S),  0 ERROR(S)
